\BOOKMARK [0][-]{chapter*.1}{\376\377\000D\000e\000d\000i\000c\000a\000t\000i\000o\000n}{}% 1
\BOOKMARK [0][-]{chapter*.2}{\376\377\000A\000c\000k\000n\000o\000w\000l\000e\000d\000g\000e\000m\000e\000n\000t\000s}{}% 2
\BOOKMARK [0][-]{chapter*.3}{\376\377\000E\000x\000e\000c\000u\000t\000i\000v\000e\000\040\000S\000u\000m\000m\000a\000r\000y}{}% 3
\BOOKMARK [0][-]{chapter*.4}{\376\377\000L\000i\000s\000t\000\040\000o\000f\000\040\000A\000b\000b\000r\000e\000v\000i\000a\000t\000i\000o\000n\000s}{}% 4
\BOOKMARK [1][-]{table.0.1}{\376\377\000L\000i\000s\000t\000\040\000o\000f\000\040\000T\000a\000b\000l\000e\000s}{chapter*.4}% 5
\BOOKMARK [1][-]{table.0.1}{\376\377\000L\000i\000s\000t\000\040\000o\000f\000\040\000F\000i\000g\000u\000r\000e\000s}{chapter*.4}% 6
\BOOKMARK [0][-]{chapter.1}{\376\377\000I\000n\000t\000r\000o\000d\000u\000c\000t\000i\000o\000n}{}% 7
\BOOKMARK [1][-]{section.1.1}{\376\377\000I\000n\000t\000r\000o\000d\000u\000c\000t\000i\000o\000n}{chapter.1}% 8
\BOOKMARK [1][-]{section.1.2}{\376\377\000V\000i\000s\000i\000o\000n\000\040\000S\000t\000a\000t\000e\000m\000e\000n\000t}{chapter.1}% 9
\BOOKMARK [1][-]{section.1.3}{\376\377\000R\000e\000l\000a\000t\000e\000d\000\040\000S\000y\000s\000t\000e\000m\000\040\000A\000n\000a\000l\000y\000s\000i\000s}{chapter.1}% 10
\BOOKMARK [1][-]{section.1.4}{\376\377\000P\000r\000o\000j\000e\000c\000t\000\040\000D\000e\000l\000i\000v\000e\000r\000a\000b\000l\000e\000s}{chapter.1}% 11
\BOOKMARK [1][-]{section.1.5}{\376\377\000S\000y\000s\000t\000e\000m\000\040\000L\000i\000m\000i\000t\000a\000t\000i\000o\000n\000s\000\040\000/\000\040\000C\000o\000n\000s\000t\000r\000a\000i\000n\000t\000s}{chapter.1}% 12
\BOOKMARK [1][-]{section.1.6}{\376\377\000T\000o\000o\000l\000s\000\040\000a\000n\000d\000\040\000T\000e\000c\000h\000n\000o\000l\000o\000g\000i\000e\000s}{chapter.1}% 13
\BOOKMARK [1][-]{section.1.7}{\376\377\000R\000e\000l\000e\000v\000a\000n\000c\000e\000\040\000t\000o\000\040\000C\000o\000u\000r\000s\000e\000\040\000M\000o\000d\000u\000l\000e\000s}{chapter.1}% 14
\BOOKMARK [2][-]{subsection.1.7.1}{\376\377\000P\000r\000o\000g\000r\000a\000m\000m\000i\000n\000g\000\040\000F\000u\000n\000d\000a\000m\000e\000n\000t\000a\000l\000s}{section.1.7}% 15
\BOOKMARK [2][-]{subsection.1.7.2}{\376\377\000D\000a\000t\000a\000\040\000S\000t\000r\000u\000c\000t\000u\000r\000e\000s\000\040\000a\000n\000d\000\040\000A\000l\000g\000o\000r\000i\000t\000h\000m\000s}{section.1.7}% 16
\BOOKMARK [2][-]{subsection.1.7.3}{\376\377\000D\000a\000t\000a\000b\000a\000s\000e\000\040\000M\000a\000n\000a\000g\000e\000m\000e\000n\000t\000\040\000S\000y\000s\000t\000e\000m\000s}{section.1.7}% 17
\BOOKMARK [2][-]{subsection.1.7.4}{\376\377\000S\000o\000f\000t\000w\000a\000r\000e\000\040\000E\000n\000g\000i\000n\000e\000e\000r\000i\000n\000g}{section.1.7}% 18
\BOOKMARK [2][-]{subsection.1.7.5}{\376\377\000O\000t\000h\000e\000r\000\040\000R\000e\000l\000e\000v\000a\000n\000t\000\040\000C\000o\000u\000r\000s\000e\000s}{section.1.7}% 19
\BOOKMARK [1][-]{section.1.8}{\376\377\000C\000h\000a\000p\000t\000e\000r\000\040\000S\000u\000m\000m\000a\000r\000y}{chapter.1}% 20
\BOOKMARK [0][-]{chapter.2}{\376\377\000P\000r\000o\000b\000l\000e\000m\000\040\000D\000e\000f\000i\000n\000i\000t\000i\000o\000n}{}% 21
\BOOKMARK [1][-]{section.2.1}{\376\377\000P\000r\000o\000b\000l\000e\000m\000\040\000S\000t\000a\000t\000e\000m\000e\000n\000t}{chapter.2}% 22
\BOOKMARK [1][-]{section.2.2}{\376\377\000P\000r\000o\000p\000o\000s\000e\000d\000\040\000S\000o\000l\000u\000t\000i\000o\000n\000\040\000O\000v\000e\000r\000v\000i\000e\000w}{chapter.2}% 23
\BOOKMARK [1][-]{section.2.3}{\376\377\000O\000b\000j\000e\000c\000t\000i\000v\000e\000s\000\040\000o\000f\000\040\000t\000h\000e\000\040\000P\000r\000o\000p\000o\000s\000e\000d\000\040\000S\000y\000s\000t\000e\000m}{chapter.2}% 24
\BOOKMARK [1][-]{section.2.4}{\376\377\000S\000c\000o\000p\000e\000\040\000o\000f\000\040\000t\000h\000e\000\040\000S\000y\000s\000t\000e\000m}{chapter.2}% 25
\BOOKMARK [1][-]{section.2.5}{\376\377\000S\000y\000s\000t\000e\000m\000\040\000A\000r\000c\000h\000i\000t\000e\000c\000t\000u\000r\000e\000\040\000a\000n\000d\000\040\000M\000o\000d\000u\000l\000e\000s}{chapter.2}% 26
\BOOKMARK [2][-]{subsection.2.5.1}{\376\377\000M\000o\000d\000u\000l\000e\000\040\0001\000:\000\040\000P\000a\000r\000s\000e\000r\000\040\000M\000o\000d\000u\000l\000e}{section.2.5}% 27
\BOOKMARK [2][-]{subsection.2.5.2}{\376\377\000M\000o\000d\000u\000l\000e\000\040\0002\000:\000\040\000T\000r\000a\000n\000s\000p\000i\000l\000e\000r\000\040\000M\000o\000d\000u\000l\000e}{section.2.5}% 28
\BOOKMARK [2][-]{subsection.2.5.3}{\376\377\000M\000o\000d\000u\000l\000e\000\040\0003\000:\000\040\000S\000i\000m\000u\000l\000a\000t\000o\000r\000\040\000M\000o\000d\000u\000l\000e}{section.2.5}% 29
\BOOKMARK [2][-]{subsection.2.5.4}{\376\377\000M\000o\000d\000u\000l\000e\000\040\0004\000:\000\040\000V\000i\000s\000u\000a\000l\000i\000z\000a\000t\000i\000o\000n\000\040\000M\000o\000d\000u\000l\000e}{section.2.5}% 30
\BOOKMARK [2][-]{subsection.2.5.5}{\376\377\000M\000o\000d\000u\000l\000e\000\040\0005\000:\000\040\000C\000L\000I\000\040\000a\000n\000d\000\040\000W\000e\000b\000\040\000A\000P\000I\000\040\000M\000o\000d\000u\000l\000e}{section.2.5}% 31
\BOOKMARK [1][-]{section.2.6}{\376\377\000A\000s\000s\000u\000m\000p\000t\000i\000o\000n\000s\000\040\000a\000n\000d\000\040\000D\000e\000p\000e\000n\000d\000e\000n\000c\000i\000e\000s}{chapter.2}% 32
\BOOKMARK [1][-]{section.2.7}{\376\377\000C\000h\000a\000p\000t\000e\000r\000\040\000S\000u\000m\000m\000a\000r\000y}{chapter.2}% 33
\BOOKMARK [0][-]{chapter.3}{\376\377\000R\000e\000q\000u\000i\000r\000e\000m\000e\000n\000t\000\040\000A\000n\000a\000l\000y\000s\000i\000s}{}% 34
\BOOKMARK [1][-]{section.3.1}{\376\377\000I\000n\000t\000r\000o\000d\000u\000c\000t\000i\000o\000n}{chapter.3}% 35
\BOOKMARK [1][-]{section.3.2}{\376\377\000R\000e\000q\000u\000i\000r\000e\000m\000e\000n\000t\000\040\000E\000l\000i\000c\000i\000t\000a\000t\000i\000o\000n\000\040\000T\000e\000c\000h\000n\000i\000q\000u\000e\000s}{chapter.3}% 36
\BOOKMARK [1][-]{section.3.3}{\376\377\000U\000s\000e\000r\000\040\000C\000l\000a\000s\000s\000e\000s\000\040\000a\000n\000d\000\040\000C\000h\000a\000r\000a\000c\000t\000e\000r\000i\000s\000t\000i\000c\000s}{chapter.3}% 37
\BOOKMARK [1][-]{section.3.4}{\376\377\000S\000y\000s\000t\000e\000m\000\040\000O\000v\000e\000r\000v\000i\000e\000w}{chapter.3}% 38
\BOOKMARK [1][-]{section.3.5}{\376\377\000U\000s\000e\000\040\000C\000a\000s\000e\000\040\000M\000o\000d\000e\000l}{chapter.3}% 39
\BOOKMARK [2][-]{subsection.3.5.1}{\376\377\000U\000s\000e\000\040\000C\000a\000s\000e\000\040\000D\000i\000a\000g\000r\000a\000m}{section.3.5}% 40
\BOOKMARK [2][-]{subsection.3.5.2}{\376\377\000U\000s\000e\000\040\000C\000a\000s\000e\000\040\000D\000e\000s\000c\000r\000i\000p\000t\000i\000o\000n\000s}{section.3.5}% 41
\BOOKMARK [1][-]{section.3.6}{\376\377\000F\000u\000n\000c\000t\000i\000o\000n\000a\000l\000\040\000R\000e\000q\000u\000i\000r\000e\000m\000e\000n\000t\000s}{chapter.3}% 42
\BOOKMARK [2][-]{subsection.3.6.1}{\376\377\000M\000o\000d\000u\000l\000e\000\040\0001\000:\000\040\000P\000a\000r\000s\000i\000n\000g\000\040\000a\000n\000d\000\040\000I\000n\000p\000u\000t\000\040\000P\000r\000o\000c\000e\000s\000s\000i\000n\000g}{section.3.6}% 43
\BOOKMARK [2][-]{subsection.3.6.2}{\376\377\000M\000o\000d\000u\000l\000e\000\040\0002\000:\000\040\000I\000n\000t\000e\000r\000m\000e\000d\000i\000a\000t\000e\000\040\000R\000e\000p\000r\000e\000s\000e\000n\000t\000a\000t\000i\000o\000n}{section.3.6}% 44
\BOOKMARK [2][-]{subsection.3.6.3}{\376\377\000M\000o\000d\000u\000l\000e\000\040\0003\000:\000\040\000T\000r\000a\000n\000s\000p\000i\000l\000a\000t\000i\000o\000n\000\040\000a\000n\000d\000\040\000O\000p\000t\000i\000m\000i\000z\000a\000t\000i\000o\000n}{section.3.6}% 45
\BOOKMARK [2][-]{subsection.3.6.4}{\376\377\000M\000o\000d\000u\000l\000e\000\040\0004\000:\000\040\000S\000i\000m\000u\000l\000a\000t\000i\000o\000n\000\040\000E\000n\000g\000i\000n\000e\000s}{section.3.6}% 46
\BOOKMARK [2][-]{subsection.3.6.5}{\376\377\000M\000o\000d\000u\000l\000e\000\040\0005\000:\000\040\000V\000i\000s\000u\000a\000l\000i\000z\000a\000t\000i\000o\000n\000\040\000a\000n\000d\000\040\000O\000u\000t\000p\000u\000t}{section.3.6}% 47
\BOOKMARK [2][-]{subsection.3.6.6}{\376\377\000M\000o\000d\000u\000l\000e\000\040\0006\000:\000\040\000U\000s\000e\000r\000\040\000I\000n\000t\000e\000r\000f\000a\000c\000e\000s}{section.3.6}% 48
\BOOKMARK [1][-]{section.3.7}{\376\377\000N\000o\000n\000-\000F\000u\000n\000c\000t\000i\000o\000n\000a\000l\000\040\000R\000e\000q\000u\000i\000r\000e\000m\000e\000n\000t\000s}{chapter.3}% 49
\BOOKMARK [2][-]{subsection.3.7.1}{\376\377\000P\000e\000r\000f\000o\000r\000m\000a\000n\000c\000e\000\040\000R\000e\000q\000u\000i\000r\000e\000m\000e\000n\000t\000s}{section.3.7}% 50
\BOOKMARK [2][-]{subsection.3.7.2}{\376\377\000R\000e\000l\000i\000a\000b\000i\000l\000i\000t\000y\000\040\000R\000e\000q\000u\000i\000r\000e\000m\000e\000n\000t\000s}{section.3.7}% 51
\BOOKMARK [2][-]{subsection.3.7.3}{\376\377\000U\000s\000a\000b\000i\000l\000i\000t\000y\000\040\000R\000e\000q\000u\000i\000r\000e\000m\000e\000n\000t\000s}{section.3.7}% 52
\BOOKMARK [2][-]{subsection.3.7.4}{\376\377\000P\000o\000r\000t\000a\000b\000i\000l\000i\000t\000y\000\040\000R\000e\000q\000u\000i\000r\000e\000m\000e\000n\000t\000s}{section.3.7}% 53
\BOOKMARK [2][-]{subsection.3.7.5}{\376\377\000M\000a\000i\000n\000t\000a\000i\000n\000a\000b\000i\000l\000i\000t\000y\000\040\000R\000e\000q\000u\000i\000r\000e\000m\000e\000n\000t\000s}{section.3.7}% 54
\BOOKMARK [2][-]{subsection.3.7.6}{\376\377\000S\000e\000c\000u\000r\000i\000t\000y\000\040\000R\000e\000q\000u\000i\000r\000e\000m\000e\000n\000t\000s}{section.3.7}% 55
\BOOKMARK [1][-]{section.3.8}{\376\377\000E\000x\000t\000e\000r\000n\000a\000l\000\040\000I\000n\000t\000e\000r\000f\000a\000c\000e\000\040\000R\000e\000q\000u\000i\000r\000e\000m\000e\000n\000t\000s}{chapter.3}% 56
\BOOKMARK [2][-]{subsection.3.8.1}{\376\377\000U\000s\000e\000r\000\040\000I\000n\000t\000e\000r\000f\000a\000c\000e\000s}{section.3.8}% 57
\BOOKMARK [2][-]{subsection.3.8.2}{\376\377\000H\000a\000r\000d\000w\000a\000r\000e\000\040\000I\000n\000t\000e\000r\000f\000a\000c\000e\000s}{section.3.8}% 58
\BOOKMARK [2][-]{subsection.3.8.3}{\376\377\000S\000o\000f\000t\000w\000a\000r\000e\000\040\000I\000n\000t\000e\000r\000f\000a\000c\000e\000s}{section.3.8}% 59
\BOOKMARK [2][-]{subsection.3.8.4}{\376\377\000C\000o\000m\000m\000u\000n\000i\000c\000a\000t\000i\000o\000n\000\040\000I\000n\000t\000e\000r\000f\000a\000c\000e\000s}{section.3.8}% 60
\BOOKMARK [1][-]{section.3.9}{\376\377\000R\000e\000q\000u\000i\000r\000e\000m\000e\000n\000t\000\040\000T\000r\000a\000c\000e\000a\000b\000i\000l\000i\000t\000y\000\040\000M\000a\000t\000r\000i\000x}{chapter.3}% 61
\BOOKMARK [1][-]{section.3.10}{\376\377\000S\000u\000m\000m\000a\000r\000y}{chapter.3}% 62
\BOOKMARK [0][-]{chapter.4}{\376\377\000S\000o\000f\000t\000w\000a\000r\000e\000\040\000D\000e\000s\000i\000g\000n}{}% 63
\BOOKMARK [1][-]{section.4.1}{\376\377\000I\000n\000t\000r\000o\000d\000u\000c\000t\000i\000o\000n}{chapter.4}% 64
\BOOKMARK [1][-]{section.4.2}{\376\377\000D\000e\000s\000i\000g\000n\000\040\000M\000e\000t\000h\000o\000d\000o\000l\000o\000g\000y}{chapter.4}% 65
\BOOKMARK [1][-]{section.4.3}{\376\377\000S\000y\000s\000t\000e\000m\000\040\000O\000v\000e\000r\000v\000i\000e\000w}{chapter.4}% 66
\BOOKMARK [1][-]{section.4.4}{\376\377\000A\000r\000c\000h\000i\000t\000e\000c\000t\000u\000r\000a\000l\000\040\000D\000e\000s\000i\000g\000n}{chapter.4}% 67
\BOOKMARK [1][-]{section.4.5}{\376\377\000A\000c\000t\000i\000v\000i\000t\000y\000\040\000D\000i\000a\000g\000r\000a\000m\000s}{chapter.4}% 68
\BOOKMARK [2][-]{subsection.4.5.1}{\376\377\000C\000i\000r\000c\000u\000i\000t\000\040\000E\000x\000e\000c\000u\000t\000i\000o\000n\000\040\000F\000l\000o\000w}{section.4.5}% 69
\BOOKMARK [2][-]{subsection.4.5.2}{\376\377\000T\000r\000a\000n\000s\000p\000i\000l\000a\000t\000i\000o\000n\000\040\000P\000r\000o\000c\000e\000s\000s}{section.4.5}% 70
\BOOKMARK [2][-]{subsection.4.5.3}{\376\377\000S\000i\000m\000u\000l\000a\000t\000i\000o\000n\000\040\000P\000r\000o\000c\000e\000s\000s}{section.4.5}% 71
\BOOKMARK [1][-]{section.4.6}{\376\377\000C\000l\000a\000s\000s\000\040\000D\000i\000a\000g\000r\000a\000m}{chapter.4}% 72
\BOOKMARK [1][-]{section.4.7}{\376\377\000S\000e\000q\000u\000e\000n\000c\000e\000\040\000D\000i\000a\000g\000r\000a\000m\000s}{chapter.4}% 73
\BOOKMARK [2][-]{subsection.4.7.1}{\376\377\000C\000L\000I\000\040\000E\000x\000e\000c\000u\000t\000i\000o\000n\000\040\000F\000l\000o\000w}{section.4.7}% 74
\BOOKMARK [2][-]{subsection.4.7.2}{\376\377\000A\000P\000I\000\040\000R\000e\000q\000u\000e\000s\000t\000\040\000F\000l\000o\000w}{section.4.7}% 75
\BOOKMARK [2][-]{subsection.4.7.3}{\376\377\000T\000r\000a\000n\000s\000p\000i\000l\000a\000t\000i\000o\000n\000\040\000D\000e\000t\000a\000i\000l}{section.4.7}% 76
\BOOKMARK [1][-]{section.4.8}{\376\377\000S\000t\000a\000t\000e\000\040\000T\000r\000a\000n\000s\000i\000t\000i\000o\000n\000\040\000D\000i\000a\000g\000r\000a\000m\000s}{chapter.4}% 77
\BOOKMARK [1][-]{section.4.9}{\376\377\000D\000a\000t\000a\000\040\000F\000l\000o\000w\000\040\000D\000i\000a\000g\000r\000a\000m\000s}{chapter.4}% 78
\BOOKMARK [2][-]{subsection.4.9.1}{\376\377\000L\000e\000v\000e\000l\000\040\0001\000\040\000D\000F\000D\000\040\000-\000\040\000S\000y\000s\000t\000e\000m\000\040\000L\000e\000v\000e\000l}{section.4.9}% 79
\BOOKMARK [2][-]{subsection.4.9.2}{\376\377\000L\000e\000v\000e\000l\000\040\0002\000\040\000D\000F\000D\000\040\000-\000\040\000M\000o\000d\000u\000l\000e\000\040\000L\000e\000v\000e\000l}{section.4.9}% 80
\BOOKMARK [1][-]{section.4.10}{\376\377\000E\000n\000t\000i\000t\000y\000-\000R\000e\000l\000a\000t\000i\000o\000n\000s\000h\000i\000p\000\040\000D\000i\000a\000g\000r\000a\000m}{chapter.4}% 81
\BOOKMARK [1][-]{section.4.11}{\376\377\000D\000a\000t\000a\000\040\000D\000i\000c\000t\000i\000o\000n\000a\000r\000y}{chapter.4}% 82
\BOOKMARK [2][-]{subsection.4.11.1}{\376\377\000Q\000u\000a\000n\000t\000u\000m\000C\000i\000r\000c\000u\000i\000t\000\040\000I\000R\000\040\000S\000t\000r\000u\000c\000t\000u\000r\000e}{section.4.11}% 83
\BOOKMARK [2][-]{subsection.4.11.2}{\376\377\000O\000p\000e\000r\000a\000t\000i\000o\000n\000\040\000D\000i\000c\000t\000i\000o\000n\000a\000r\000y\000\040\000S\000t\000r\000u\000c\000t\000u\000r\000e}{section.4.11}% 84
\BOOKMARK [2][-]{subsection.4.11.3}{\376\377\000C\000o\000n\000d\000i\000t\000i\000o\000n\000\040\000D\000i\000c\000t\000i\000o\000n\000a\000r\000y\000\040\000S\000t\000r\000u\000c\000t\000u\000r\000e}{section.4.11}% 85
\BOOKMARK [2][-]{subsection.4.11.4}{\376\377\000C\000l\000a\000s\000s\000i\000c\000a\000l\000\040\000O\000p\000e\000r\000a\000t\000i\000o\000n\000\040\000D\000i\000c\000t\000i\000o\000n\000a\000r\000y\000\040\000S\000t\000r\000u\000c\000t\000u\000r\000e}{section.4.11}% 86
\BOOKMARK [2][-]{subsection.4.11.5}{\376\377\000T\000a\000r\000g\000e\000t\000\040\000A\000r\000c\000h\000i\000t\000e\000c\000t\000u\000r\000e\000\040\000S\000t\000r\000u\000c\000t\000u\000r\000e}{section.4.11}% 87
\BOOKMARK [2][-]{subsection.4.11.6}{\376\377\000S\000i\000m\000u\000l\000a\000t\000i\000o\000n\000\040\000R\000e\000s\000u\000l\000t\000s\000\040\000S\000t\000r\000u\000c\000t\000u\000r\000e}{section.4.11}% 88
\BOOKMARK [1][-]{section.4.12}{\376\377\000S\000u\000m\000m\000a\000r\000y}{chapter.4}% 89
\BOOKMARK [0][-]{chapter.5}{\376\377\000I\000m\000p\000l\000e\000m\000e\000n\000t\000a\000t\000i\000o\000n}{}% 90
\BOOKMARK [1][-]{section.5.1}{\376\377\000D\000e\000v\000e\000l\000o\000p\000m\000e\000n\000t\000\040\000E\000n\000v\000i\000r\000o\000n\000m\000e\000n\000t}{chapter.5}% 91
\BOOKMARK [1][-]{section.5.2}{\376\377\000C\000o\000r\000e\000\040\000M\000o\000d\000u\000l\000e\000\040\000I\000m\000p\000l\000e\000m\000e\000n\000t\000a\000t\000i\000o\000n}{chapter.5}% 92
\BOOKMARK [2][-]{subsection.5.2.1}{\376\377\000M\000o\000d\000u\000l\000e\000\040\0001\000:\000\040\000P\000a\000r\000s\000e\000r\000\040\000L\000a\000y\000e\000r}{section.5.2}% 93
\BOOKMARK [2][-]{subsection.5.2.2}{\376\377\000M\000o\000d\000u\000l\000e\000\040\0002\000:\000\040\000I\000n\000t\000e\000r\000m\000e\000d\000i\000a\000t\000e\000\040\000R\000e\000p\000r\000e\000s\000e\000n\000t\000a\000t\000i\000o\000n}{section.5.2}% 94
\BOOKMARK [2][-]{subsection.5.2.3}{\376\377\000M\000o\000d\000u\000l\000e\000\040\0003\000:\000\040\000T\000r\000a\000n\000s\000p\000i\000l\000e\000r}{section.5.2}% 95
\BOOKMARK [2][-]{subsection.5.2.4}{\376\377\000M\000o\000d\000u\000l\000e\000\040\0004\000:\000\040\000S\000i\000m\000u\000l\000a\000t\000o\000r\000\040\000E\000n\000g\000i\000n\000e\000s}{section.5.2}% 96
\BOOKMARK [2][-]{subsection.5.2.5}{\376\377\000M\000o\000d\000u\000l\000e\000\040\0005\000:\000\040\000D\000e\000c\000o\000m\000p\000o\000s\000e\000r}{section.5.2}% 97
\BOOKMARK [2][-]{subsection.5.2.6}{\376\377\000M\000o\000d\000u\000l\000e\000\040\0006\000:\000\040\000V\000i\000s\000u\000a\000l\000i\000z\000a\000t\000i\000o\000n}{section.5.2}% 98
\BOOKMARK [1][-]{section.5.3}{\376\377\000A\000l\000g\000o\000r\000i\000t\000h\000m\000\040\000I\000m\000p\000l\000e\000m\000e\000n\000t\000a\000t\000i\000o\000n}{chapter.5}% 99
\BOOKMARK [2][-]{subsection.5.3.1}{\376\377\000S\000A\000B\000R\000E\000\040\000R\000o\000u\000t\000i\000n\000g\000\040\000A\000l\000g\000o\000r\000i\000t\000h\000m}{section.5.3}% 100
\BOOKMARK [2][-]{subsection.5.3.2}{\376\377\000B\000F\000S\000\040\000S\000h\000o\000r\000t\000e\000s\000t\000\040\000P\000a\000t\000h\000\040\000A\000l\000g\000o\000r\000i\000t\000h\000m}{section.5.3}% 101
\BOOKMARK [2][-]{subsection.5.3.3}{\376\377\000M\000P\000S\000\040\000T\000e\000n\000s\000o\000r\000\040\000C\000o\000n\000t\000r\000a\000c\000t\000i\000o\000n\000\040\000A\000l\000g\000o\000r\000i\000t\000h\000m}{section.5.3}% 102
\BOOKMARK [1][-]{section.5.4}{\376\377\000E\000x\000t\000e\000r\000n\000a\000l\000\040\000A\000P\000I\000s\000\040\000a\000n\000d\000\040\000S\000D\000K\000s}{chapter.5}% 103
\BOOKMARK [1][-]{section.5.5}{\376\377\000U\000s\000e\000r\000\040\000I\000n\000t\000e\000r\000f\000a\000c\000e\000\040\000I\000m\000p\000l\000e\000m\000e\000n\000t\000a\000t\000i\000o\000n}{chapter.5}% 104
\BOOKMARK [2][-]{subsection.5.5.1}{\376\377\000C\000o\000m\000m\000a\000n\000d\000-\000L\000i\000n\000e\000\040\000I\000n\000t\000e\000r\000f\000a\000c\000e\000\040\000\050\000C\000L\000I\000\051}{section.5.5}% 105
\BOOKMARK [2][-]{subsection.5.5.2}{\376\377\000W\000e\000b\000\040\000A\000P\000I}{section.5.5}% 106
\BOOKMARK [2][-]{subsection.5.5.3}{\376\377\000W\000e\000b\000\040\000G\000U\000I}{section.5.5}% 107
\BOOKMARK [2][-]{subsection.5.5.4}{\376\377\000C\000o\000m\000m\000a\000n\000d\000-\000L\000i\000n\000e\000\040\000I\000n\000t\000e\000r\000f\000a\000c\000e}{section.5.5}% 108
\BOOKMARK [1][-]{section.5.6}{\376\377\000D\000e\000p\000l\000o\000y\000m\000e\000n\000t}{chapter.5}% 109
\BOOKMARK [2][-]{subsection.5.6.1}{\376\377\000L\000o\000c\000a\000l\000\040\000I\000n\000s\000t\000a\000l\000l\000a\000t\000i\000o\000n}{section.5.6}% 110
\BOOKMARK [2][-]{subsection.5.6.2}{\376\377\000R\000u\000n\000n\000i\000n\000g\000\040\000t\000h\000e\000\040\000S\000y\000s\000t\000e\000m}{section.5.6}% 111
\BOOKMARK [2][-]{subsection.5.6.3}{\376\377\000T\000e\000s\000t\000i\000n\000g}{section.5.6}% 112
\BOOKMARK [1][-]{section.5.7}{\376\377\000S\000u\000m\000m\000a\000r\000y}{chapter.5}% 113
\BOOKMARK [0][-]{chapter.6}{\376\377\000T\000e\000s\000t\000i\000n\000g\000\040\000a\000n\000d\000\040\000E\000v\000a\000l\000u\000a\000t\000i\000o\000n}{}% 114
\BOOKMARK [1][-]{section.6.1}{\376\377\000T\000e\000s\000t\000i\000n\000g\000\040\000S\000t\000r\000a\000t\000e\000g\000y}{chapter.6}% 115
\BOOKMARK [1][-]{section.6.2}{\376\377\000U\000n\000i\000t\000\040\000T\000e\000s\000t\000i\000n\000g}{chapter.6}% 116
\BOOKMARK [2][-]{subsection.6.2.1}{\376\377\000P\000a\000r\000s\000e\000r\000\040\000T\000e\000s\000t\000s}{section.6.2}% 117
\BOOKMARK [2][-]{subsection.6.2.2}{\376\377\000S\000i\000m\000u\000l\000a\000t\000o\000r\000\040\000T\000e\000s\000t\000s}{section.6.2}% 118
\BOOKMARK [2][-]{subsection.6.2.3}{\376\377\000T\000r\000a\000n\000s\000p\000i\000l\000e\000r\000\040\000T\000e\000s\000t\000s}{section.6.2}% 119
\BOOKMARK [1][-]{section.6.3}{\376\377\000I\000n\000t\000e\000g\000r\000a\000t\000i\000o\000n\000\040\000T\000e\000s\000t\000i\000n\000g}{chapter.6}% 120
\BOOKMARK [1][-]{section.6.4}{\376\377\000S\000y\000s\000t\000e\000m\000\040\000T\000e\000s\000t\000i\000n\000g}{chapter.6}% 121
\BOOKMARK [2][-]{subsection.6.4.1}{\376\377\000A\000l\000g\000o\000r\000i\000t\000h\000m\000\040\000V\000e\000r\000i\000f\000i\000c\000a\000t\000i\000o\000n\000\040\000T\000e\000s\000t\000s}{section.6.4}% 122
\BOOKMARK [2][-]{subsection.6.4.2}{\376\377\000F\000u\000n\000c\000t\000i\000o\000n\000a\000l\000\040\000R\000e\000q\000u\000i\000r\000e\000m\000e\000n\000t\000s\000\040\000V\000a\000l\000i\000d\000a\000t\000i\000o\000n}{section.6.4}% 123
\BOOKMARK [1][-]{section.6.5}{\376\377\000P\000e\000r\000f\000o\000r\000m\000a\000n\000c\000e\000\040\000T\000e\000s\000t\000i\000n\000g}{chapter.6}% 124
\BOOKMARK [2][-]{subsection.6.5.1}{\376\377\000S\000i\000m\000u\000l\000a\000t\000i\000o\000n\000\040\000P\000e\000r\000f\000o\000r\000m\000a\000n\000c\000e}{section.6.5}% 125
\BOOKMARK [2][-]{subsection.6.5.2}{\376\377\000T\000r\000a\000n\000s\000p\000i\000l\000a\000t\000i\000o\000n\000\040\000P\000e\000r\000f\000o\000r\000m\000a\000n\000c\000e}{section.6.5}% 126
\BOOKMARK [2][-]{subsection.6.5.3}{\376\377\000M\000P\000S\000\040\000S\000i\000m\000u\000l\000a\000t\000i\000o\000n\000\040\000P\000e\000r\000f\000o\000r\000m\000a\000n\000c\000e}{section.6.5}% 127
\BOOKMARK [1][-]{section.6.6}{\376\377\000S\000e\000c\000u\000r\000i\000t\000y\000\040\000T\000e\000s\000t\000i\000n\000g}{chapter.6}% 128
\BOOKMARK [2][-]{subsection.6.6.1}{\376\377\000I\000n\000p\000u\000t\000\040\000V\000a\000l\000i\000d\000a\000t\000i\000o\000n\000\040\000T\000e\000s\000t\000s}{section.6.6}% 129
\BOOKMARK [1][-]{section.6.7}{\376\377\000U\000s\000e\000r\000\040\000A\000c\000c\000e\000p\000t\000a\000n\000c\000e\000\040\000T\000e\000s\000t\000i\000n\000g}{chapter.6}% 130
\BOOKMARK [2][-]{subsection.6.7.1}{\376\377\000T\000e\000s\000t\000\040\000P\000a\000r\000t\000i\000c\000i\000p\000a\000n\000t\000s}{section.6.7}% 131
\BOOKMARK [2][-]{subsection.6.7.2}{\376\377\000T\000e\000s\000t\000\040\000S\000c\000e\000n\000a\000r\000i\000o\000s}{section.6.7}% 132
\BOOKMARK [2][-]{subsection.6.7.3}{\376\377\000U\000s\000e\000r\000\040\000F\000e\000e\000d\000b\000a\000c\000k}{section.6.7}% 133
\BOOKMARK [1][-]{section.6.8}{\376\377\000T\000e\000s\000t\000\040\000R\000e\000s\000u\000l\000t\000s\000\040\000S\000u\000m\000m\000a\000r\000y}{chapter.6}% 134
\BOOKMARK [1][-]{section.6.9}{\376\377\000S\000u\000m\000m\000a\000r\000y}{chapter.6}% 135
\BOOKMARK [0][-]{chapter.7}{\376\377\000C\000o\000n\000c\000l\000u\000s\000i\000o\000n\000\040\000a\000n\000d\000\040\000F\000u\000t\000u\000r\000e\000\040\000W\000o\000r\000k}{}% 136
\BOOKMARK [1][-]{section.7.1}{\376\377\000C\000o\000n\000c\000l\000u\000s\000i\000o\000n}{chapter.7}% 137
\BOOKMARK [1][-]{section.7.2}{\376\377\000F\000u\000t\000u\000r\000e\000\040\000W\000o\000r\000k}{chapter.7}% 138
\BOOKMARK [1][-]{section.7.3}{\376\377\000L\000i\000m\000i\000t\000a\000t\000i\000o\000n\000s}{chapter.7}% 139
\BOOKMARK [0][-]{appendix*.5}{\376\377\000A\000p\000p\000e\000n\000d\000i\000c\000e\000s}{}% 140
\BOOKMARK [1][-]{section*.6}{\376\377\000A\000p\000p\000e\000n\000d\000i\000x\000\040\000A\000\040\040\023\000\040\000T\000u\000r\000n\000i\000t\000i\000n\000\040\000S\000i\000m\000i\000l\000a\000r\000i\000t\000y\000\040\000R\000e\000p\000o\000r\000t}{appendix*.5}% 141
\BOOKMARK [1][-]{section*.6}{\376\377\000A\000p\000p\000e\000n\000d\000i\000x\000\040\000B\000\040\040\023\000\040\000A\000I\000\040\000W\000r\000i\000t\000i\000n\000g\000\040\000D\000e\000t\000e\000c\000t\000i\000o\000n\000\040\000R\000e\000p\000o\000r\000t}{appendix*.5}% 142
\BOOKMARK [1][-]{section*.6}{\376\377\000A\000p\000p\000e\000n\000d\000i\000x\000\040\000C\000\040\040\023\000\040\000S\000o\000u\000r\000c\000e\000\040\000C\000o\000d\000e}{appendix*.5}% 143
\BOOKMARK [2][-]{subsection.Alph0.0.1}{\376\377\000F\000i\000l\000e\000\040\0001\000:\000\040\000I\000n\000t\000e\000r\000m\000e\000d\000i\000a\000t\000e\000\040\000R\000e\000p\000r\000e\000s\000e\000n\000t\000a\000t\000i\000o\000n\000\040\000\050\000i\000r\000.\000p\000y\000\051}{section*.6}% 144
\BOOKMARK [2][-]{subsection.Alph0.0.2}{\376\377\000F\000i\000l\000e\000\040\0002\000:\000\040\000H\000a\000r\000d\000w\000a\000r\000e\000\040\000A\000r\000c\000h\000i\000t\000e\000c\000t\000u\000r\000e\000\040\000\050\000a\000r\000c\000h\000i\000t\000e\000c\000t\000u\000r\000e\000.\000p\000y\000\051}{section*.6}% 145
\BOOKMARK [2][-]{subsection.Alph0.0.3}{\376\377\000F\000i\000l\000e\000\040\0003\000:\000\040\000G\000a\000t\000e\000\040\000D\000e\000c\000o\000m\000p\000o\000s\000e\000r\000\040\000\050\000d\000e\000c\000o\000m\000p\000o\000s\000e\000r\000.\000p\000y\000\051}{section*.6}% 146
