\BOOKMARK [0][-]{chapter*.1}{\376\377\000L\000i\000s\000t\000\040\000o\000f\000\040\000A\000b\000b\000r\000e\000v\000i\000a\000t\000i\000o\000n\000s}{}% 1
\BOOKMARK [0][-]{chapter.4}{\376\377\000S\000o\000f\000t\000w\000a\000r\000e\000\040\000D\000e\000s\000i\000g\000n}{}% 2
\BOOKMARK [1][-]{section.4.1}{\376\377\000I\000n\000t\000r\000o\000d\000u\000c\000t\000i\000o\000n}{chapter.4}% 3
\BOOKMARK [1][-]{section.4.2}{\376\377\000D\000e\000s\000i\000g\000n\000\040\000M\000e\000t\000h\000o\000d\000o\000l\000o\000g\000y}{chapter.4}% 4
\BOOKMARK [1][-]{section.4.3}{\376\377\000S\000y\000s\000t\000e\000m\000\040\000O\000v\000e\000r\000v\000i\000e\000w}{chapter.4}% 5
\BOOKMARK [1][-]{section.4.4}{\376\377\000A\000r\000c\000h\000i\000t\000e\000c\000t\000u\000r\000a\000l\000\040\000D\000e\000s\000i\000g\000n}{chapter.4}% 6
\BOOKMARK [1][-]{section.4.5}{\376\377\000A\000c\000t\000i\000v\000i\000t\000y\000\040\000D\000i\000a\000g\000r\000a\000m\000s}{chapter.4}% 7
\BOOKMARK [2][-]{subsection.4.5.1}{\376\377\000C\000i\000r\000c\000u\000i\000t\000\040\000E\000x\000e\000c\000u\000t\000i\000o\000n\000\040\000F\000l\000o\000w}{section.4.5}% 8
\BOOKMARK [2][-]{subsection.4.5.2}{\376\377\000T\000r\000a\000n\000s\000p\000i\000l\000a\000t\000i\000o\000n\000\040\000P\000r\000o\000c\000e\000s\000s}{section.4.5}% 9
\BOOKMARK [2][-]{subsection.4.5.3}{\376\377\000S\000i\000m\000u\000l\000a\000t\000i\000o\000n\000\040\000P\000r\000o\000c\000e\000s\000s}{section.4.5}% 10
\BOOKMARK [1][-]{section.4.6}{\376\377\000C\000l\000a\000s\000s\000\040\000D\000i\000a\000g\000r\000a\000m}{chapter.4}% 11
\BOOKMARK [1][-]{section.4.7}{\376\377\000S\000e\000q\000u\000e\000n\000c\000e\000\040\000D\000i\000a\000g\000r\000a\000m\000s}{chapter.4}% 12
\BOOKMARK [2][-]{subsection.4.7.1}{\376\377\000C\000L\000I\000\040\000E\000x\000e\000c\000u\000t\000i\000o\000n\000\040\000F\000l\000o\000w}{section.4.7}% 13
\BOOKMARK [2][-]{subsection.4.7.2}{\376\377\000A\000P\000I\000\040\000R\000e\000q\000u\000e\000s\000t\000\040\000F\000l\000o\000w}{section.4.7}% 14
\BOOKMARK [2][-]{subsection.4.7.3}{\376\377\000T\000r\000a\000n\000s\000p\000i\000l\000a\000t\000i\000o\000n\000\040\000D\000e\000t\000a\000i\000l}{section.4.7}% 15
\BOOKMARK [1][-]{section.4.8}{\376\377\000S\000t\000a\000t\000e\000\040\000T\000r\000a\000n\000s\000i\000t\000i\000o\000n\000\040\000D\000i\000a\000g\000r\000a\000m\000s}{chapter.4}% 16
\BOOKMARK [1][-]{section.4.9}{\376\377\000D\000a\000t\000a\000\040\000F\000l\000o\000w\000\040\000D\000i\000a\000g\000r\000a\000m\000s}{chapter.4}% 17
\BOOKMARK [2][-]{subsection.4.9.1}{\376\377\000L\000e\000v\000e\000l\000\040\0001\000\040\000D\000F\000D\000\040\000-\000\040\000S\000y\000s\000t\000e\000m\000\040\000L\000e\000v\000e\000l}{section.4.9}% 18
\BOOKMARK [2][-]{subsection.4.9.2}{\376\377\000L\000e\000v\000e\000l\000\040\0002\000\040\000D\000F\000D\000\040\000-\000\040\000M\000o\000d\000u\000l\000e\000\040\000L\000e\000v\000e\000l}{section.4.9}% 19
\BOOKMARK [1][-]{section.4.10}{\376\377\000E\000n\000t\000i\000t\000y\000-\000R\000e\000l\000a\000t\000i\000o\000n\000s\000h\000i\000p\000\040\000D\000i\000a\000g\000r\000a\000m}{chapter.4}% 20
\BOOKMARK [1][-]{section.4.11}{\376\377\000D\000a\000t\000a\000\040\000D\000i\000c\000t\000i\000o\000n\000a\000r\000y}{chapter.4}% 21
\BOOKMARK [2][-]{subsection.4.11.1}{\376\377\000Q\000u\000a\000n\000t\000u\000m\000C\000i\000r\000c\000u\000i\000t\000\040\000I\000R\000\040\000S\000t\000r\000u\000c\000t\000u\000r\000e}{section.4.11}% 22
\BOOKMARK [2][-]{subsection.4.11.2}{\376\377\000O\000p\000e\000r\000a\000t\000i\000o\000n\000\040\000D\000i\000c\000t\000i\000o\000n\000a\000r\000y\000\040\000S\000t\000r\000u\000c\000t\000u\000r\000e}{section.4.11}% 23
\BOOKMARK [2][-]{subsection.4.11.3}{\376\377\000C\000o\000n\000d\000i\000t\000i\000o\000n\000\040\000D\000i\000c\000t\000i\000o\000n\000a\000r\000y\000\040\000S\000t\000r\000u\000c\000t\000u\000r\000e}{section.4.11}% 24
\BOOKMARK [2][-]{subsection.4.11.4}{\376\377\000C\000l\000a\000s\000s\000i\000c\000a\000l\000\040\000O\000p\000e\000r\000a\000t\000i\000o\000n\000\040\000D\000i\000c\000t\000i\000o\000n\000a\000r\000y\000\040\000S\000t\000r\000u\000c\000t\000u\000r\000e}{section.4.11}% 25
\BOOKMARK [2][-]{subsection.4.11.5}{\376\377\000T\000a\000r\000g\000e\000t\000\040\000A\000r\000c\000h\000i\000t\000e\000c\000t\000u\000r\000e\000\040\000S\000t\000r\000u\000c\000t\000u\000r\000e}{section.4.11}% 26
\BOOKMARK [2][-]{subsection.4.11.6}{\376\377\000S\000i\000m\000u\000l\000a\000t\000i\000o\000n\000\040\000R\000e\000s\000u\000l\000t\000s\000\040\000S\000t\000r\000u\000c\000t\000u\000r\000e}{section.4.11}% 27
\BOOKMARK [1][-]{section.4.12}{\376\377\000S\000u\000m\000m\000a\000r\000y}{chapter.4}% 28
\BOOKMARK [0][-]{chapter*.2}{\376\377\000R\000e\000f\000e\000r\000e\000n\000c\000e\000s}{}% 29
