\BOOKMARK [0][-]{chapter.1}{\376\377\000I\000n\000t\000r\000o\000d\000u\000c\000t\000i\000o\000n}{}% 1
\BOOKMARK [1][-]{section.1.1}{\376\377\000I\000n\000t\000r\000o\000d\000u\000c\000t\000i\000o\000n}{chapter.1}% 2
\BOOKMARK [1][-]{section.1.2}{\376\377\000V\000i\000s\000i\000o\000n\000\040\000S\000t\000a\000t\000e\000m\000e\000n\000t}{chapter.1}% 3
\BOOKMARK [1][-]{section.1.3}{\376\377\000R\000e\000l\000a\000t\000e\000d\000\040\000S\000y\000s\000t\000e\000m\000\040\000A\000n\000a\000l\000y\000s\000i\000s}{chapter.1}% 4
\BOOKMARK [1][-]{section.1.4}{\376\377\000P\000r\000o\000j\000e\000c\000t\000\040\000D\000e\000l\000i\000v\000e\000r\000a\000b\000l\000e\000s}{chapter.1}% 5
\BOOKMARK [1][-]{section.1.5}{\376\377\000S\000y\000s\000t\000e\000m\000\040\000L\000i\000m\000i\000t\000a\000t\000i\000o\000n\000s\000\040\000/\000\040\000C\000o\000n\000s\000t\000r\000a\000i\000n\000t\000s}{chapter.1}% 6
\BOOKMARK [1][-]{section.1.6}{\376\377\000T\000o\000o\000l\000s\000\040\000a\000n\000d\000\040\000T\000e\000c\000h\000n\000o\000l\000o\000g\000i\000e\000s}{chapter.1}% 7
\BOOKMARK [1][-]{section.1.7}{\376\377\000R\000e\000l\000e\000v\000a\000n\000c\000e\000\040\000t\000o\000\040\000C\000o\000u\000r\000s\000e\000\040\000M\000o\000d\000u\000l\000e\000s}{chapter.1}% 8
\BOOKMARK [2][-]{subsection.1.7.1}{\376\377\000P\000r\000o\000g\000r\000a\000m\000m\000i\000n\000g\000\040\000F\000u\000n\000d\000a\000m\000e\000n\000t\000a\000l\000s}{section.1.7}% 9
\BOOKMARK [2][-]{subsection.1.7.2}{\376\377\000D\000a\000t\000a\000\040\000S\000t\000r\000u\000c\000t\000u\000r\000e\000s\000\040\000a\000n\000d\000\040\000A\000l\000g\000o\000r\000i\000t\000h\000m\000s}{section.1.7}% 10
\BOOKMARK [2][-]{subsection.1.7.3}{\376\377\000D\000a\000t\000a\000b\000a\000s\000e\000\040\000M\000a\000n\000a\000g\000e\000m\000e\000n\000t\000\040\000S\000y\000s\000t\000e\000m\000s}{section.1.7}% 11
\BOOKMARK [2][-]{subsection.1.7.4}{\376\377\000S\000o\000f\000t\000w\000a\000r\000e\000\040\000E\000n\000g\000i\000n\000e\000e\000r\000i\000n\000g}{section.1.7}% 12
\BOOKMARK [2][-]{subsection.1.7.5}{\376\377\000O\000t\000h\000e\000r\000\040\000R\000e\000l\000e\000v\000a\000n\000t\000\040\000C\000o\000u\000r\000s\000e\000s}{section.1.7}% 13
\BOOKMARK [1][-]{section.1.8}{\376\377\000C\000h\000a\000p\000t\000e\000r\000\040\000S\000u\000m\000m\000a\000r\000y}{chapter.1}% 14
\BOOKMARK [0][-]{chapter.2}{\376\377\000P\000r\000o\000b\000l\000e\000m\000\040\000D\000e\000f\000i\000n\000i\000t\000i\000o\000n}{}% 15
\BOOKMARK [1][-]{section.2.1}{\376\377\000P\000r\000o\000b\000l\000e\000m\000\040\000S\000t\000a\000t\000e\000m\000e\000n\000t}{chapter.2}% 16
\BOOKMARK [1][-]{section.2.2}{\376\377\000P\000r\000o\000p\000o\000s\000e\000d\000\040\000S\000o\000l\000u\000t\000i\000o\000n\000\040\000O\000v\000e\000r\000v\000i\000e\000w}{chapter.2}% 17
\BOOKMARK [1][-]{section.2.3}{\376\377\000O\000b\000j\000e\000c\000t\000i\000v\000e\000s\000\040\000o\000f\000\040\000t\000h\000e\000\040\000P\000r\000o\000p\000o\000s\000e\000d\000\040\000S\000y\000s\000t\000e\000m}{chapter.2}% 18
\BOOKMARK [1][-]{section.2.4}{\376\377\000S\000c\000o\000p\000e\000\040\000o\000f\000\040\000t\000h\000e\000\040\000S\000y\000s\000t\000e\000m}{chapter.2}% 19
\BOOKMARK [1][-]{section.2.5}{\376\377\000S\000y\000s\000t\000e\000m\000\040\000A\000r\000c\000h\000i\000t\000e\000c\000t\000u\000r\000e\000\040\000a\000n\000d\000\040\000M\000o\000d\000u\000l\000e\000s}{chapter.2}% 20
\BOOKMARK [2][-]{subsection.2.5.1}{\376\377\000M\000o\000d\000u\000l\000e\000\040\0001\000:\000\040\000P\000a\000r\000s\000e\000r\000\040\000M\000o\000d\000u\000l\000e}{section.2.5}% 21
\BOOKMARK [2][-]{subsection.2.5.2}{\376\377\000M\000o\000d\000u\000l\000e\000\040\0002\000:\000\040\000T\000r\000a\000n\000s\000p\000i\000l\000e\000r\000\040\000M\000o\000d\000u\000l\000e}{section.2.5}% 22
\BOOKMARK [2][-]{subsection.2.5.3}{\376\377\000M\000o\000d\000u\000l\000e\000\040\0003\000:\000\040\000S\000i\000m\000u\000l\000a\000t\000o\000r\000\040\000M\000o\000d\000u\000l\000e}{section.2.5}% 23
\BOOKMARK [2][-]{subsection.2.5.4}{\376\377\000M\000o\000d\000u\000l\000e\000\040\0004\000:\000\040\000V\000i\000s\000u\000a\000l\000i\000z\000a\000t\000i\000o\000n\000\040\000M\000o\000d\000u\000l\000e}{section.2.5}% 24
\BOOKMARK [2][-]{subsection.2.5.5}{\376\377\000M\000o\000d\000u\000l\000e\000\040\0005\000:\000\040\000C\000L\000I\000\040\000a\000n\000d\000\040\000W\000e\000b\000\040\000A\000P\000I\000\040\000M\000o\000d\000u\000l\000e}{section.2.5}% 25
\BOOKMARK [1][-]{section.2.6}{\376\377\000A\000s\000s\000u\000m\000p\000t\000i\000o\000n\000s\000\040\000a\000n\000d\000\040\000D\000e\000p\000e\000n\000d\000e\000n\000c\000i\000e\000s}{chapter.2}% 26
\BOOKMARK [1][-]{section.2.7}{\376\377\000C\000h\000a\000p\000t\000e\000r\000\040\000S\000u\000m\000m\000a\000r\000y}{chapter.2}% 27
\BOOKMARK [0][-]{chapter.3}{\376\377\000R\000e\000q\000u\000i\000r\000e\000m\000e\000n\000t\000\040\000A\000n\000a\000l\000y\000s\000i\000s}{}% 28
\BOOKMARK [1][-]{section.3.1}{\376\377\000I\000n\000t\000r\000o\000d\000u\000c\000t\000i\000o\000n}{chapter.3}% 29
\BOOKMARK [1][-]{section.3.2}{\376\377\000R\000e\000q\000u\000i\000r\000e\000m\000e\000n\000t\000\040\000E\000l\000i\000c\000i\000t\000a\000t\000i\000o\000n\000\040\000T\000e\000c\000h\000n\000i\000q\000u\000e\000s}{chapter.3}% 30
\BOOKMARK [1][-]{section.3.3}{\376\377\000U\000s\000e\000r\000\040\000C\000l\000a\000s\000s\000e\000s\000\040\000a\000n\000d\000\040\000C\000h\000a\000r\000a\000c\000t\000e\000r\000i\000s\000t\000i\000c\000s}{chapter.3}% 31
\BOOKMARK [1][-]{section.3.4}{\376\377\000S\000y\000s\000t\000e\000m\000\040\000O\000v\000e\000r\000v\000i\000e\000w}{chapter.3}% 32
\BOOKMARK [1][-]{section.3.5}{\376\377\000U\000s\000e\000\040\000C\000a\000s\000e\000\040\000M\000o\000d\000e\000l}{chapter.3}% 33
\BOOKMARK [2][-]{subsection.3.5.1}{\376\377\000U\000s\000e\000\040\000C\000a\000s\000e\000\040\000D\000i\000a\000g\000r\000a\000m}{section.3.5}% 34
\BOOKMARK [2][-]{subsection.3.5.2}{\376\377\000U\000s\000e\000\040\000C\000a\000s\000e\000\040\000D\000e\000s\000c\000r\000i\000p\000t\000i\000o\000n\000s}{section.3.5}% 35
\BOOKMARK [1][-]{section.3.6}{\376\377\000F\000u\000n\000c\000t\000i\000o\000n\000a\000l\000\040\000R\000e\000q\000u\000i\000r\000e\000m\000e\000n\000t\000s}{chapter.3}% 36
\BOOKMARK [2][-]{subsection.3.6.1}{\376\377\000M\000o\000d\000u\000l\000e\000\040\0001\000:\000\040\000P\000a\000r\000s\000i\000n\000g\000\040\000a\000n\000d\000\040\000I\000n\000p\000u\000t\000\040\000P\000r\000o\000c\000e\000s\000s\000i\000n\000g}{section.3.6}% 37
\BOOKMARK [2][-]{subsection.3.6.2}{\376\377\000M\000o\000d\000u\000l\000e\000\040\0002\000:\000\040\000I\000n\000t\000e\000r\000m\000e\000d\000i\000a\000t\000e\000\040\000R\000e\000p\000r\000e\000s\000e\000n\000t\000a\000t\000i\000o\000n}{section.3.6}% 38
\BOOKMARK [2][-]{subsection.3.6.3}{\376\377\000M\000o\000d\000u\000l\000e\000\040\0003\000:\000\040\000T\000r\000a\000n\000s\000p\000i\000l\000a\000t\000i\000o\000n\000\040\000a\000n\000d\000\040\000O\000p\000t\000i\000m\000i\000z\000a\000t\000i\000o\000n}{section.3.6}% 39
\BOOKMARK [2][-]{subsection.3.6.4}{\376\377\000M\000o\000d\000u\000l\000e\000\040\0004\000:\000\040\000S\000i\000m\000u\000l\000a\000t\000i\000o\000n\000\040\000E\000n\000g\000i\000n\000e\000s}{section.3.6}% 40
\BOOKMARK [2][-]{subsection.3.6.5}{\376\377\000M\000o\000d\000u\000l\000e\000\040\0005\000:\000\040\000V\000i\000s\000u\000a\000l\000i\000z\000a\000t\000i\000o\000n\000\040\000a\000n\000d\000\040\000O\000u\000t\000p\000u\000t}{section.3.6}% 41
\BOOKMARK [2][-]{subsection.3.6.6}{\376\377\000M\000o\000d\000u\000l\000e\000\040\0006\000:\000\040\000U\000s\000e\000r\000\040\000I\000n\000t\000e\000r\000f\000a\000c\000e\000s}{section.3.6}% 42
\BOOKMARK [1][-]{section.3.7}{\376\377\000N\000o\000n\000-\000F\000u\000n\000c\000t\000i\000o\000n\000a\000l\000\040\000R\000e\000q\000u\000i\000r\000e\000m\000e\000n\000t\000s}{chapter.3}% 43
\BOOKMARK [2][-]{subsection.3.7.1}{\376\377\000P\000e\000r\000f\000o\000r\000m\000a\000n\000c\000e\000\040\000R\000e\000q\000u\000i\000r\000e\000m\000e\000n\000t\000s}{section.3.7}% 44
\BOOKMARK [2][-]{subsection.3.7.2}{\376\377\000R\000e\000l\000i\000a\000b\000i\000l\000i\000t\000y\000\040\000R\000e\000q\000u\000i\000r\000e\000m\000e\000n\000t\000s}{section.3.7}% 45
\BOOKMARK [2][-]{subsection.3.7.3}{\376\377\000U\000s\000a\000b\000i\000l\000i\000t\000y\000\040\000R\000e\000q\000u\000i\000r\000e\000m\000e\000n\000t\000s}{section.3.7}% 46
\BOOKMARK [2][-]{subsection.3.7.4}{\376\377\000P\000o\000r\000t\000a\000b\000i\000l\000i\000t\000y\000\040\000R\000e\000q\000u\000i\000r\000e\000m\000e\000n\000t\000s}{section.3.7}% 47
\BOOKMARK [2][-]{subsection.3.7.5}{\376\377\000M\000a\000i\000n\000t\000a\000i\000n\000a\000b\000i\000l\000i\000t\000y\000\040\000R\000e\000q\000u\000i\000r\000e\000m\000e\000n\000t\000s}{section.3.7}% 48
\BOOKMARK [2][-]{subsection.3.7.6}{\376\377\000S\000e\000c\000u\000r\000i\000t\000y\000\040\000R\000e\000q\000u\000i\000r\000e\000m\000e\000n\000t\000s}{section.3.7}% 49
\BOOKMARK [1][-]{section.3.8}{\376\377\000E\000x\000t\000e\000r\000n\000a\000l\000\040\000I\000n\000t\000e\000r\000f\000a\000c\000e\000\040\000R\000e\000q\000u\000i\000r\000e\000m\000e\000n\000t\000s}{chapter.3}% 50
\BOOKMARK [2][-]{subsection.3.8.1}{\376\377\000U\000s\000e\000r\000\040\000I\000n\000t\000e\000r\000f\000a\000c\000e\000s}{section.3.8}% 51
\BOOKMARK [2][-]{subsection.3.8.2}{\376\377\000H\000a\000r\000d\000w\000a\000r\000e\000\040\000I\000n\000t\000e\000r\000f\000a\000c\000e\000s}{section.3.8}% 52
\BOOKMARK [2][-]{subsection.3.8.3}{\376\377\000S\000o\000f\000t\000w\000a\000r\000e\000\040\000I\000n\000t\000e\000r\000f\000a\000c\000e\000s}{section.3.8}% 53
\BOOKMARK [2][-]{subsection.3.8.4}{\376\377\000C\000o\000m\000m\000u\000n\000i\000c\000a\000t\000i\000o\000n\000\040\000I\000n\000t\000e\000r\000f\000a\000c\000e\000s}{section.3.8}% 54
\BOOKMARK [1][-]{section.3.9}{\376\377\000R\000e\000q\000u\000i\000r\000e\000m\000e\000n\000t\000\040\000T\000r\000a\000c\000e\000a\000b\000i\000l\000i\000t\000y\000\040\000M\000a\000t\000r\000i\000x}{chapter.3}% 55
\BOOKMARK [1][-]{section.3.10}{\376\377\000S\000u\000m\000m\000a\000r\000y}{chapter.3}% 56
